
> docverse@5.0.0 build
> next build

[baseline-browser-mapping] The data in this module is over two months old.  To ensure accurate Baseline data, please update: `npm i baseline-browser-mapping@latest -D`
 ΓÜá Warning: Next.js inferred your workspace root, but it may not be correct.
 We detected multiple lockfiles and selected the directory of E:\ARYAN\OSCG-2026\package-lock.json as the root directory.
 To silence this warning, set `outputFileTracingRoot` in your Next.js config, or consider removing one of the lockfiles if it's not needed.
   See https://nextjs.org/docs/app/api-reference/config/next-config-js/output#caveats for more information.
 Detected additional lockfiles: 
   * E:\ARYAN\OSCG-2026\Docverse-h\package-lock.json

   Γû▓ Next.js 15.5.9
   - Environments: .env.local

   Creating an optimized production build ...
   Using tsconfig file: ./tsconfig.build.json
> [PWA] Compile server
> [PWA] Compile server
> [PWA] Compile client (static)
> [PWA] Auto register service worker with: E:\ARYAN\OSCG-2026\Docverse-h\node_modules\next-pwa\register.js
> [PWA] Service worker: E:\ARYAN\OSCG-2026\Docverse-h\public\sw.js
> [PWA]   url: /sw.js
> [PWA]   scope: /
<w> [webpack.cache.PackFileCacheStrategy] Serializing big strings (118kiB) impacts deserialization performance (consider using Buffer instead and decode when needed)
 ΓÜá Compiled with warnings in 2.2min

./node_modules/@supabase/realtime-js/dist/module/lib/websocket-factory.js
A Node.js API is used (process.versions at line: 32) which is not supported in the Edge Runtime.
Learn more: https://nextjs.org/docs/api-reference/edge-runtime

Import trace for requested module:
./node_modules/@supabase/realtime-js/dist/module/lib/websocket-factory.js
./node_modules/@supabase/realtime-js/dist/module/index.js
./node_modules/@supabase/supabase-js/dist/module/index.js
./node_modules/@supabase/ssr/dist/module/createBrowserClient.js
./node_modules/@supabase/ssr/dist/module/index.js

./node_modules/@supabase/supabase-js/dist/module/index.js
A Node.js API is used (process.version at line: 24) which is not supported in the Edge Runtime.
Learn more: https://nextjs.org/docs/api-reference/edge-runtime

Import trace for requested module:
./node_modules/@supabase/supabase-js/dist/module/index.js
./node_modules/@supabase/ssr/dist/module/createBrowserClient.js
./node_modules/@supabase/ssr/dist/module/index.js

   Skipping validation of types
   Skipping linting
   Collecting page data ...
 ΓÜá Using edge runtime on a page currently disables static generation for that page
   Generating static pages (0/42) ...
TypeError: Cannot read properties of undefined (reading 'call')
    at Object.c [as require] (E:\ARYAN\OSCG-2026\Docverse-h\.next\server\webpack-runtime.js:1:128)
Error occurred prerendering page "/_not-found". Read more: https://nextjs.org/docs/messages/prerender-error
TypeError: Cannot read properties of undefined (reading 'call')
    at Object.c [as require] (E:\ARYAN\OSCG-2026\Docverse-h\.next\server\webpack-runtime.js:1:128)
Export encountered an error on /_not-found/page: /_not-found, exiting the build.
 Γ¿» Next.js build worker exited with code: 1 and signal: null
